// Vitest Snapshot v1, https://vitest.dev/guide/snapshot.html

exports[`App snapshot > matches 1`] = `
<div>
  <section
    aria-atomic="false"
    aria-label="Notifications Alt+T"
    aria-live="polite"
    aria-relevant="additions text"
    class="Toastify"
  />
  <div
    class="max-w-5xl mx-auto p-4 md:p-8 grid gap-6"
  >
    <header
      class="flex flex-col md:flex-row md:items-center md:justify-between gap-3"
    >
      <h1
        class="text-2xl md:text-3xl font-bold tracking-tight"
      >
        Bookings Manager
      </h1>
      <p
        class="text-slate-600"
      >
        Create, read, update and delete bookings with validation & overlaps prevention.
      </p>
    </header>
    <section>
      <form
        class="card grid gap-4"
      >
        <h2
          class="text-xl font-bold"
        >
          Booking 
          Create
        </h2>
        <div
          class="grid md:grid-cols-2 gap-4"
        >
          <label
            class="grid gap-1"
          >
            <span
              class="label"
            >
              Guest name *
            </span>
            <input
              class="input"
              placeholder="John Doe"
              required=""
              value=""
            />
          </label>
          <label
            class="grid gap-1"
          >
            <span
              class="label"
            >
              Property *
            </span>
            <input
              class="input"
              placeholder="Beach House"
              required=""
              value=""
            />
          </label>
        </div>
        <div
          class="grid gap-2"
        >
          <span
            class="label"
          >
            Dates
          </span>
          <div
            class="card w-[fit-content]"
          >
            <div
              class="rdp-root"
              data-mode="range"
            >
              <div
                class="rdp-months"
              >
                <nav
                  aria-label=""
                  class="rdp-nav"
                >
                  <button
                    aria-label="Go to the Previous Month"
                    class="rdp-button_previous"
                    type="button"
                  >
                    <svg
                      class="rdp-chevron"
                      height="24"
                      viewBox="0 0 24 24"
                      width="24"
                    >
                      <polygon
                        points="16 18.112 9.81111111 12 16 5.87733333 14.0888889 4 6 12 14.0888889 20"
                      />
                    </svg>
                  </button>
                  <button
                    aria-label="Go to the Next Month"
                    class="rdp-button_next"
                    type="button"
                  >
                    <svg
                      class="rdp-chevron"
                      height="24"
                      viewBox="0 0 24 24"
                      width="24"
                    >
                      <polygon
                        points="8 18.112 14.18888889 12 8 5.87733333 9.91111111 4 18 12 9.91111111 20"
                      />
                    </svg>
                  </button>
                </nav>
                <div
                  class="rdp-month"
                >
                  <div
                    class="rdp-month_caption"
                  >
                    <span
                      aria-live="polite"
                      class="rdp-caption_label"
                      role="status"
                    >
                      October 2025
                    </span>
                  </div>
                  <table
                    aria-label="October 2025"
                    aria-multiselectable="true"
                    class="rdp-month_grid"
                    role="grid"
                  >
                    <thead
                      aria-hidden="true"
                    >
                      <tr
                        class="rdp-weekdays"
                      >
                        <th
                          aria-label="Sunday"
                          class="rdp-weekday"
                          scope="col"
                        >
                          Su
                        </th>
                        <th
                          aria-label="Monday"
                          class="rdp-weekday"
                          scope="col"
                        >
                          Mo
                        </th>
                        <th
                          aria-label="Tuesday"
                          class="rdp-weekday"
                          scope="col"
                        >
                          Tu
                        </th>
                        <th
                          aria-label="Wednesday"
                          class="rdp-weekday"
                          scope="col"
                        >
                          We
                        </th>
                        <th
                          aria-label="Thursday"
                          class="rdp-weekday"
                          scope="col"
                        >
                          Th
                        </th>
                        <th
                          aria-label="Friday"
                          class="rdp-weekday"
                          scope="col"
                        >
                          Fr
                        </th>
                        <th
                          aria-label="Saturday"
                          class="rdp-weekday"
                          scope="col"
                        >
                          Sa
                        </th>
                      </tr>
                    </thead>
                    <tbody
                      class="rdp-weeks"
                    >
                      <tr
                        class="rdp-week"
                      >
                        <td
                          class="rdp-day rdp-hidden rdp-outside"
                          data-day="2025-09-28"
                          data-hidden="true"
                          data-month="2025-09"
                          data-outside="true"
                          role="gridcell"
                        />
                        <td
                          class="rdp-day rdp-hidden rdp-outside"
                          data-day="2025-09-29"
                          data-hidden="true"
                          data-month="2025-09"
                          data-outside="true"
                          role="gridcell"
                        />
                        <td
                          class="rdp-day rdp-hidden rdp-outside"
                          data-day="2025-09-30"
                          data-hidden="true"
                          data-month="2025-09"
                          data-outside="true"
                          role="gridcell"
                        />
                        <td
                          class="rdp-day"
                          data-day="2025-10-01"
                          role="gridcell"
                        >
                          <button
                            aria-label="Wednesday, October 1st, 2025"
                            class="rdp-day_button"
                            tabindex="-1"
                            type="button"
                          >
                            1
                          </button>
                        </td>
                        <td
                          class="rdp-day"
                          data-day="2025-10-02"
                          role="gridcell"
                        >
                          <button
                            aria-label="Thursday, October 2nd, 2025"
                            class="rdp-day_button"
                            tabindex="-1"
                            type="button"
                          >
                            2
                          </button>
                        </td>
                        <td
                          class="rdp-day"
                          data-day="2025-10-03"
                          role="gridcell"
                        >
                          <button
                            aria-label="Friday, October 3rd, 2025"
                            class="rdp-day_button"
                            tabindex="-1"
                            type="button"
                          >
                            3
                          </button>
                        </td>
                        <td
                          class="rdp-day"
                          data-day="2025-10-04"
                          role="gridcell"
                        >
                          <button
                            aria-label="Saturday, October 4th, 2025"
                            class="rdp-day_button"
                            tabindex="-1"
                            type="button"
                          >
                            4
                          </button>
                        </td>
                      </tr>
                      <tr
                        class="rdp-week"
                      >
                        <td
                          class="rdp-day"
                          data-day="2025-10-05"
                          role="gridcell"
                        >
                          <button
                            aria-label="Sunday, October 5th, 2025"
                            class="rdp-day_button"
                            tabindex="-1"
                            type="button"
                          >
                            5
                          </button>
                        </td>
                        <td
                          class="rdp-day"
                          data-day="2025-10-06"
                          role="gridcell"
                        >
                          <button
                            aria-label="Monday, October 6th, 2025"
                            class="rdp-day_button"
                            tabindex="-1"
                            type="button"
                          >
                            6
                          </button>
                        </td>
                        <td
                          class="rdp-day"
                          data-day="2025-10-07"
                          role="gridcell"
                        >
                          <button
                            aria-label="Tuesday, October 7th, 2025"
                            class="rdp-day_button"
                            tabindex="-1"
                            type="button"
                          >
                            7
                          </button>
                        </td>
                        <td
                          class="rdp-day"
                          data-day="2025-10-08"
                          role="gridcell"
                        >
                          <button
                            aria-label="Wednesday, October 8th, 2025"
                            class="rdp-day_button"
                            tabindex="-1"
                            type="button"
                          >
                            8
                          </button>
                        </td>
                        <td
                          class="rdp-day"
                          data-day="2025-10-09"
                          role="gridcell"
                        >
                          <button
                            aria-label="Thursday, October 9th, 2025"
                            class="rdp-day_button"
                            tabindex="-1"
                            type="button"
                          >
                            9
                          </button>
                        </td>
                        <td
                          class="rdp-day"
                          data-day="2025-10-10"
                          role="gridcell"
                        >
                          <button
                            aria-label="Friday, October 10th, 2025"
                            class="rdp-day_button"
                            tabindex="-1"
                            type="button"
                          >
                            10
                          </button>
                        </td>
                        <td
                          class="rdp-day"
                          data-day="2025-10-11"
                          role="gridcell"
                        >
                          <button
                            aria-label="Saturday, October 11th, 2025"
                            class="rdp-day_button"
                            tabindex="-1"
                            type="button"
                          >
                            11
                          </button>
                        </td>
                      </tr>
                      <tr
                        class="rdp-week"
                      >
                        <td
                          class="rdp-day"
                          data-day="2025-10-12"
                          role="gridcell"
                        >
                          <button
                            aria-label="Sunday, October 12th, 2025"
                            class="rdp-day_button"
                            tabindex="-1"
                            type="button"
                          >
                            12
                          </button>
                        </td>
                        <td
                          class="rdp-day"
                          data-day="2025-10-13"
                          role="gridcell"
                        >
                          <button
                            aria-label="Monday, October 13th, 2025"
                            class="rdp-day_button"
                            tabindex="-1"
                            type="button"
                          >
                            13
                          </button>
                        </td>
                        <td
                          class="rdp-day"
                          data-day="2025-10-14"
                          role="gridcell"
                        >
                          <button
                            aria-label="Tuesday, October 14th, 2025"
                            class="rdp-day_button"
                            tabindex="-1"
                            type="button"
                          >
                            14
                          </button>
                        </td>
                        <td
                          class="rdp-day"
                          data-day="2025-10-15"
                          role="gridcell"
                        >
                          <button
                            aria-label="Wednesday, October 15th, 2025"
                            class="rdp-day_button"
                            tabindex="-1"
                            type="button"
                          >
                            15
                          </button>
                        </td>
                        <td
                          aria-selected="true"
                          class="rdp-day rdp-today rdp-selected rdp-range_start"
                          data-day="2025-10-16"
                          data-selected="true"
                          data-today="true"
                          role="gridcell"
                        >
                          <button
                            aria-label="Today, Thursday, October 16th, 2025, selected"
                            class="rdp-day_button"
                            tabindex="0"
                            type="button"
                          >
                            16
                          </button>
                        </td>
                        <td
                          aria-selected="true"
                          class="rdp-day rdp-selected rdp-range_end"
                          data-day="2025-10-17"
                          data-selected="true"
                          role="gridcell"
                        >
                          <button
                            aria-label="Friday, October 17th, 2025, selected"
                            class="rdp-day_button"
                            tabindex="-1"
                            type="button"
                          >
                            17
                          </button>
                        </td>
                        <td
                          class="rdp-day"
                          data-day="2025-10-18"
                          role="gridcell"
                        >
                          <button
                            aria-label="Saturday, October 18th, 2025"
                            class="rdp-day_button"
                            tabindex="-1"
                            type="button"
                          >
                            18
                          </button>
                        </td>
                      </tr>
                      <tr
                        class="rdp-week"
                      >
                        <td
                          class="rdp-day"
                          data-day="2025-10-19"
                          role="gridcell"
                        >
                          <button
                            aria-label="Sunday, October 19th, 2025"
                            class="rdp-day_button"
                            tabindex="-1"
                            type="button"
                          >
                            19
                          </button>
                        </td>
                        <td
                          class="rdp-day"
                          data-day="2025-10-20"
                          role="gridcell"
                        >
                          <button
                            aria-label="Monday, October 20th, 2025"
                            class="rdp-day_button"
                            tabindex="-1"
                            type="button"
                          >
                            20
                          </button>
                        </td>
                        <td
                          class="rdp-day"
                          data-day="2025-10-21"
                          role="gridcell"
                        >
                          <button
                            aria-label="Tuesday, October 21st, 2025"
                            class="rdp-day_button"
                            tabindex="-1"
                            type="button"
                          >
                            21
                          </button>
                        </td>
                        <td
                          class="rdp-day"
                          data-day="2025-10-22"
                          role="gridcell"
                        >
                          <button
                            aria-label="Wednesday, October 22nd, 2025"
                            class="rdp-day_button"
                            tabindex="-1"
                            type="button"
                          >
                            22
                          </button>
                        </td>
                        <td
                          class="rdp-day"
                          data-day="2025-10-23"
                          role="gridcell"
                        >
                          <button
                            aria-label="Thursday, October 23rd, 2025"
                            class="rdp-day_button"
                            tabindex="-1"
                            type="button"
                          >
                            23
                          </button>
                        </td>
                        <td
                          class="rdp-day"
                          data-day="2025-10-24"
                          role="gridcell"
                        >
                          <button
                            aria-label="Friday, October 24th, 2025"
                            class="rdp-day_button"
                            tabindex="-1"
                            type="button"
                          >
                            24
                          </button>
                        </td>
                        <td
                          class="rdp-day"
                          data-day="2025-10-25"
                          role="gridcell"
                        >
                          <button
                            aria-label="Saturday, October 25th, 2025"
                            class="rdp-day_button"
                            tabindex="-1"
                            type="button"
                          >
                            25
                          </button>
                        </td>
                      </tr>
                      <tr
                        class="rdp-week"
                      >
                        <td
                          class="rdp-day"
                          data-day="2025-10-26"
                          role="gridcell"
                        >
                          <button
                            aria-label="Sunday, October 26th, 2025"
                            class="rdp-day_button"
                            tabindex="-1"
                            type="button"
                          >
                            26
                          </button>
                        </td>
                        <td
                          class="rdp-day"
                          data-day="2025-10-27"
                          role="gridcell"
                        >
                          <button
                            aria-label="Monday, October 27th, 2025"
                            class="rdp-day_button"
                            tabindex="-1"
                            type="button"
                          >
                            27
                          </button>
                        </td>
                        <td
                          class="rdp-day"
                          data-day="2025-10-28"
                          role="gridcell"
                        >
                          <button
                            aria-label="Tuesday, October 28th, 2025"
                            class="rdp-day_button"
                            tabindex="-1"
                            type="button"
                          >
                            28
                          </button>
                        </td>
                        <td
                          class="rdp-day"
                          data-day="2025-10-29"
                          role="gridcell"
                        >
                          <button
                            aria-label="Wednesday, October 29th, 2025"
                            class="rdp-day_button"
                            tabindex="-1"
                            type="button"
                          >
                            29
                          </button>
                        </td>
                        <td
                          class="rdp-day"
                          data-day="2025-10-30"
                          role="gridcell"
                        >
                          <button
                            aria-label="Thursday, October 30th, 2025"
                            class="rdp-day_button"
                            tabindex="-1"
                            type="button"
                          >
                            30
                          </button>
                        </td>
                        <td
                          class="rdp-day"
                          data-day="2025-10-31"
                          role="gridcell"
                        >
                          <button
                            aria-label="Friday, October 31st, 2025"
                            class="rdp-day_button"
                            tabindex="-1"
                            type="button"
                          >
                            31
                          </button>
                        </td>
                        <td
                          class="rdp-day rdp-hidden rdp-outside"
                          data-day="2025-11-01"
                          data-hidden="true"
                          data-month="2025-11"
                          data-outside="true"
                          role="gridcell"
                        />
                      </tr>
                    </tbody>
                  </table>
                </div>
              </div>
            </div>
            <div
              class="text-sm text-slate-600 mt-2 flex gap-2"
            >
              <span>
                Start: 
                Oct 16, 2025
              </span>
              <span>
                End: 
                Oct 17, 2025
              </span>
            </div>
          </div>
        </div>
        <label
          class="grid gap-1"
        >
          <span
            class="label"
          >
            Notes
          </span>
          <textarea
            class="input min-h-24"
            placeholder="Optional notes..."
          />
        </label>
        <div
          class="flex gap-2 justify-end"
        >
          <button
            class="btn-primary"
            type="submit"
          >
            Create booking
          </button>
        </div>
      </form>
    </section>
    <section
      class="grid gap-3"
    >
      <h2
        class="text-xl font-semibold"
      >
        All bookings
      </h2>
      <p
        class="text-center text-slate-500 mt-8"
      >
        No bookings yet. Create your first one above.
      </p>
    </section>
    <footer
      class="text-center text-xs text-slate-500 py-6"
    >
      Built with love by
       
      <a
        class="text-cyan-900"
        href="https://matheusleandro.com/"
        target="_blank"
      >
        Matheus
      </a>
      .
    </footer>
  </div>
</div>
`;
